done 2019+ BASELINE
done 2019+ G
done 2019+ B
done 2019+ H
done 2019+ G+B
done 2019+ G+H
done 2019+ B+H
done 2019+ G+B+H
done 2019+ MODEL top-10
done 2019+ MODEL top-20
done 2019+ EW market
done 2016+ BASELINE
done 2016+ G
done 2016+ B
done 2016+ H
done 2016+ G+B
done 2016+ G+H
done 2016+ B+H
done 2016+ G+B+H
done 2016+ EW market

=== 2019+ · MEDIAN CAGR % (rows = approach, cols = hold sessions) ===
hold           30    60    90    100   180   250
approach                                        
BASELINE      24.3  31.7  27.5  23.4  25.4  26.0
G             23.3  24.7  22.1  17.6  17.8  19.8
B             23.9  29.5  23.7  23.1  25.4  26.1
H             23.1  26.8  27.8  28.9  28.0  27.1
G+B           21.0  21.6  19.0  17.6  14.3  19.2
G+H           21.5  23.9  22.6  22.4  19.6  21.5
B+H           18.3  22.1  25.3  24.3  28.2  27.1
G+B+H         19.4  22.4  20.0  20.6  20.2  22.5
MODEL top-10  32.6  29.8  24.2  27.8  26.9  24.5
MODEL top-20  25.9  25.3  22.9  24.0  24.8  25.1
EW market     13.4  15.5  16.2  16.4  17.9  18.9

=== 2019+ · WORST-PHASE CAGR % (rows = approach, cols = hold sessions) ===
hold           30    60    90    100   180   250
approach                                        
BASELINE      16.8  10.5   7.1  12.7  11.0  10.8
G             18.9  13.4  -0.1   5.6   5.5  -6.5
B             17.3   9.7  12.1  17.1  14.3  10.4
H             10.3  12.8  18.2   9.5  11.3   8.9
G+B           15.6  10.3   0.2   5.4   8.5  -7.3
G+H           17.2  16.8  10.0   6.9  -4.9  -9.8
B+H           14.8  13.7  18.7  16.3  14.1  11.3
G+B+H         17.6  13.9  12.6   9.7   5.9  -9.1
MODEL top-10  25.6  16.3  21.8  13.7  12.9   8.0
MODEL top-20  17.6  17.8  15.0  16.0  13.3  16.5
EW market     12.6  14.7  15.3  15.3  15.9  16.5

=== 2019+ · MEDIAN MAX DRAWDOWN % (rows = approach, cols = hold sessions) ===
hold           30    60    90    100   180   250
approach                                        
BASELINE     -46.0 -43.0 -42.1 -44.5 -41.6 -41.2
G            -36.6 -40.4 -41.4 -39.2 -38.0 -35.7
B            -47.4 -44.0 -44.6 -43.6 -41.2 -41.0
H            -56.6 -46.1 -46.6 -46.6 -42.9 -44.4
G+B          -34.6 -40.7 -43.1 -41.7 -38.5 -34.1
G+H          -45.0 -41.7 -44.2 -41.7 -39.4 -39.5
B+H          -51.4 -46.1 -43.0 -44.6 -38.6 -41.3
G+B+H        -34.9 -41.4 -41.4 -42.1 -38.0 -37.9
MODEL top-10 -59.5 -53.9 -54.7 -56.4 -52.9 -51.2
MODEL top-20 -51.8 -52.1 -51.3 -51.4 -50.9 -49.8
EW market    -43.9 -42.5 -41.8 -41.7 -40.8 -40.1

=== 2016+ · MEDIAN CAGR % (rows = approach, cols = hold sessions) ===
hold        30    60    90    100   180   250
approach                                     
BASELINE   17.4  22.7  20.6  18.0  18.8  19.8
G          16.3  16.1  15.1  13.5  13.0  13.4
B          18.7  21.5  20.1  18.0  19.5  19.6
H          23.4  26.7  25.0  26.3  26.3  21.7
G+B        15.1  13.7  14.7  12.3  12.2  13.5
G+H        22.3  25.6  20.8  20.0  23.1  16.0
B+H        21.4  21.5  23.0  21.9  23.5  19.9
G+B+H      20.3  21.6  19.4  20.2  18.6  18.4
EW market  10.7  12.2  12.8  13.1  14.0  13.9

=== 2016+ · WORST-PHASE CAGR % (rows = approach, cols = hold sessions) ===
hold        30    60    90    100   180   250
approach                                     
BASELINE   15.5   6.6   1.1   9.8   3.1   4.9
G          13.2  12.6  -4.4   4.3   4.1  -1.6
B          16.2   9.7   7.3  15.4   9.2   9.4
H          16.4  16.8  15.1   7.7   2.4   4.4
G+B        12.3  10.1  -2.5   6.6   3.9  -3.5
G+H        14.7  12.9  12.2   8.6  -5.9  -3.0
B+H        15.7  13.1  16.1  11.8   5.9   5.3
G+B+H      13.2   9.4  13.6  10.1   1.4  -3.8
EW market  10.5  11.9  12.0  12.3  13.1  13.2

=== 2016+ · MEDIAN MAX DRAWDOWN % (rows = approach, cols = hold sessions) ===
hold        30    60    90    100   180   250
approach                                     
BASELINE  -51.2 -51.3 -52.5 -56.1 -52.0 -53.8
G         -40.6 -46.8 -52.3 -50.8 -46.0 -44.7
B         -48.6 -44.1 -48.1 -51.0 -48.2 -46.2
H         -59.4 -54.8 -53.1 -57.0 -51.1 -56.0
G+B       -40.0 -47.2 -49.0 -46.3 -43.6 -41.5
G+H       -45.0 -42.9 -46.6 -49.4 -45.0 -45.8
B+H       -54.4 -57.5 -57.7 -56.8 -49.4 -53.1
G+B+H     -37.2 -42.5 -45.5 -47.0 -42.1 -44.5
EW market -57.2 -55.6 -54.6 -54.5 -53.5 -52.8

ALLIN MATRIX COMPLETE
