panel through 2026-09-23 · universe stock-days 2,793,840 · events 40,241
BASE RATES (all universe stock-days): {'conf': {'p50_20': np.float64(1.05), 'p50_60': np.float64(7.33), 'p50c_60': np.float64(7.46), 'p2x': np.float64(4.33), 'n': 1267967}, 'disc': {'p50_20': np.float64(1.34), 'p50_60': np.float64(7.74), 'p50c_60': np.float64(7.91), 'p2x': np.float64(4.59), 'n': 1525873}}

=== A. EVENT TYPE (abnormal %, entry = next open) ===
open_offer_target                 | disc n=  339 ab5  +0.7 ab20  +1.1 ab60  +1.2 ab126   -0.7 P50/60d  5.0(0.6x) P2x  2.4(0.5x) | conf n=  330 ab5  +0.7 ab20  +2.4 ab60  +2.6 ab126   +1.6 P50/60d  7.0(1.0x) P2x  4.2(1.0x)
tender_L1                         | disc n=  176 ab5  +0.1 ab20  +1.1 ab60  +2.4 ab126   +4.0 P50/60d  7.4(1.0x) P2x  6.2(1.4x) | conf n=  214 ab5  +0.3 ab20  +2.1 ab60  +8.3 ab126  +13.6 P50/60d 18.7(2.5x) P2x 16.4(3.8x)
order                             | disc n= 1205 ab5  -0.2 ab20  +0.3 ab60  +1.0 ab126   +2.7 P50/60d  6.7(0.9x) P2x  4.0(0.9x) | conf n= 2810 ab5  -0.0 ab20  +0.9 ab60  +3.4 ab126   +7.9 P50/60d 10.1(1.4x) P2x  5.6(1.3x)
client_partner                    | disc n= 1572 ab5  +0.3 ab20  +1.4 ab60  +2.7 ab126   +4.9 P50/60d  6.0(0.8x) P2x  3.5(0.8x) | conf n= 1966 ab5  +0.5 ab20  +1.0 ab60  +3.0 ab126   +6.8 P50/60d  6.7(0.9x) P2x  4.5(1.0x)
acquisition                       | disc n= 7377 ab5  +0.6 ab20  +1.0 ab60  +2.1 ab126   +5.3 P50/60d  7.0(0.9x) P2x  4.3(0.9x) | conf n= 9729 ab5  +0.6 ab20  +1.5 ab60  +3.6 ab126   +5.6 P50/60d  9.0(1.2x) P2x  4.5(1.0x)
approval_launch                   | disc n= 3599 ab5  +0.6 ab20  +1.3 ab60  +2.5 ab126   +4.6 P50/60d  5.5(0.7x) P2x  3.0(0.7x) | conf n= 3557 ab5  +0.6 ab20  +1.7 ab60  +3.7 ab126   +7.0 P50/60d  5.0(0.7x) P2x  3.0(0.7x)
capex                             | disc n=  131 ab5  -0.1 ab20  +0.7 ab60  +2.2 ab126   +4.1 P50/60d  6.9(0.9x) P2x  5.3(1.2x) | conf n=  159 ab5  +1.0 ab20  +1.8 ab60  +4.8 ab126   +8.4 P50/60d  6.3(0.9x) P2x  2.5(0.6x)
fundraise_pref                    | disc n= 1031 ab5  +0.0 ab20  +0.6 ab60  +0.3 ab126   -0.7 P50/60d  7.0(0.9x) P2x  2.6(0.6x) | conf n= 1424 ab5  +0.8 ab20  +1.8 ab60  +4.7 ab126   +9.4 P50/60d 10.7(1.5x) P2x  7.4(1.7x)
fundraise_qip                     | disc n=  294 ab5  -0.4 ab20  +0.2 ab60  -2.0 ab126   -3.3 P50/60d  3.1(0.4x) P2x  0.3(0.1x) | conf n=  363 ab5  -0.1 ab20  +1.1 ab60  +1.8 ab126   +3.1 P50/60d  6.1(0.8x) P2x  2.8(0.6x)
buyback                           | disc n= 1342 ab5  +0.3 ab20  -0.1 ab60  +1.1 ab126   +5.1 P50/60d  4.8(0.6x) P2x  2.7(0.6x) | conf n=  596 ab5  +0.3 ab20  -0.7 ab60  -1.4 ab126   -1.7 P50/60d  2.7(0.4x) P2x  1.0(0.2x)
rating_up                         | disc n=  289 ab5  +1.0 ab20  +1.9 ab60  +4.2 ab126   +8.2 P50/60d  7.6(1.0x) P2x  4.8(1.1x) | conf n=  101 ab5  +0.7 ab20  +3.5 ab60  +7.7 ab126  +13.3 P50/60d  5.9(0.8x) P2x  4.0(0.9x)
bonus_split                       | disc n=  867 ab5  +0.2 ab20  +0.1 ab60  -0.2 ab126   +0.4 P50/60d  6.6(0.8x) P2x  1.8(0.4x) | conf n=  770 ab5  +0.4 ab20  +0.5 ab60  +2.1 ab126   +5.6 P50/60d 11.7(1.6x) P2x  5.7(1.3x)

=== B. ORDER MATERIALITY: order value / PIT TTM revenue (orders + L1 with a parsed amount) ===
orders with amount & revenue: 655
order <5% of revenue              | disc n=   46 ab5  -0.2 ab20  +2.3 ab60  +3.2 ab126   +5.8 P50/60d  4.3(0.6x) P2x  2.2(0.5x) | conf n=  208 ab5  +0.5 ab20  +3.2 ab60  +5.3 ab126  +12.8 P50/60d 13.9(1.9x) P2x 10.1(2.3x)
order 5-15%                       | disc n=   51 ab5  +0.0 ab20  -0.7 ab60  -1.1 ab126   +2.9 P50/60d  5.9(0.8x) P2x  3.9(0.9x) | conf n=  124 ab5  -0.6 ab20  +0.9 ab60  +3.7 ab126   +9.4 P50/60d  5.6(0.8x) P2x  4.0(0.9x)
order 15-40%                      | disc n=   53 ab5  -2.0 ab20  -1.4 ab60  -5.8 ab126   -6.2 P50/60d  3.8(0.5x) P2x  0.0(0.0x) | conf n=   73 ab5  -0.2 ab20  +3.7 ab60 +16.0 ab126  +37.3 P50/60d 17.8(2.4x) P2x 17.8(4.1x)
order 40-100%                     | disc n=   23                                              — | conf n=   30 ab5  +0.1 ab20  +2.4 ab60  +1.7 ab126   +7.6 P50/60d  6.7(0.9x) P2x 16.7(3.9x)
order >100% of revenue            | disc n=   17                                              — | conf n=   30 ab5  +1.4 ab20  +2.5 ab60 +10.4 ab126  +21.5 P50/60d 20.0(2.7x) P2x 13.3(3.1x)
  ...by order / market cap:
order <5% of mcap                 | disc n=   49 ab5  -0.7 ab20  +1.1 ab60  +2.4 ab126   +4.6 P50/60d  2.0(0.3x) P2x  0.0(0.0x) | conf n=  282 ab5  +0.7 ab20  +2.6 ab60  +6.1 ab126  +16.0 P50/60d 12.8(1.7x) P2x 10.6(2.5x)
order 5-20%                       | disc n=   46 ab5  +1.1 ab20  +1.3 ab60  +0.9 ab126   +9.0 P50/60d 10.9(1.4x) P2x  6.5(1.4x) | conf n=  106 ab5  -0.6 ab20  +0.6 ab60  +0.2 ab126   +0.8 P50/60d  4.7(0.6x) P2x  2.8(0.7x)
order >20% of mcap                | disc n=   89 ab5  -1.2 ab20  -0.7 ab60  -0.8 ab126   -3.8 P50/60d  6.7(0.9x) P2x  2.2(0.5x) | conf n=   74 ab5  -0.9 ab20  +4.9 ab60 +16.3 ab126  +37.3 P50/60d 18.9(2.6x) P2x 18.9(4.4x)

=== C. THE MARKET'S VOTE: entry-session reaction, returns measured AFTER it (from that close) ===
react < 0                         | disc n= 8763 post-vote ab20  +0.9 ab60  +1.8 P50/60d  5.8(0.7x) | conf n=10525 post-vote ab20  +1.3 ab60  +3.0 P50/60d  7.6(1.0x)
react 0-5%                        | disc n= 8422 post-vote ab20  +0.9 ab60  +1.8 P50/60d  6.1(0.8x) | conf n=10137 post-vote ab20  +1.4 ab60  +3.7 P50/60d  8.1(1.1x)
react 5-10%                       | disc n=  777 post-vote ab20  +1.3 ab60  +3.5 P50/60d 10.8(1.4x) | conf n= 1043 post-vote ab20  +2.7 ab60  +5.5 P50/60d 12.9(1.7x)
react >= 10%                      | disc n=  260 post-vote ab20  +0.0 ab60  +1.3 P50/60d 17.7(2.2x) | conf n=  314 post-vote ab20  +2.1 ab60  +2.7 P50/60d 14.3(1.9x)
react>=5% & vol>=3x               | disc n=  588 post-vote ab20  +0.5 ab60  +2.6 P50/60d 12.4(1.6x) | conf n=  781 post-vote ab20  +2.8 ab60  +5.3 P50/60d 13.4(1.8x)
  ...material orders (>=15% of revenue) by the vote:
material order & react<5%         | disc n=   82 post-vote ab20  -0.6 ab60  -1.0 P50/60d  7.3(0.9x) | conf n=  115 post-vote ab20  +1.5 ab60  +8.6 P50/60d 12.2(1.6x)
material order & react>=5%        | disc n=   11                              — | conf n=   18                              —

=== D. SIZE: every event by market cap ===
mcap <500cr                       | disc n=  653 ab5  +1.2 ab20  +3.3 ab60  +6.0 ab126  +17.0 P50/60d 21.1(2.7x) P2x 11.8(2.6x) | conf n=  819 ab5  +0.3 ab20  +3.0 ab60  +8.4 ab126  +20.1 P50/60d 15.8(2.1x) P2x 14.4(3.3x)
500-2,000cr                       | disc n= 1770 ab5  +0.5 ab20  +1.2 ab60  +3.9 ab126   +9.4 P50/60d 12.8(1.6x) P2x  7.7(1.7x) | conf n= 3574 ab5  +0.7 ab20  +2.2 ab60  +5.6 ab126   +8.6 P50/60d 14.5(2.0x) P2x  8.0(1.8x)
2k-10k cr                         | disc n= 2751 ab5  +0.4 ab20  +1.0 ab60  +2.5 ab126   +6.4 P50/60d  7.6(1.0x) P2x  5.2(1.1x) | conf n= 6671 ab5  +0.5 ab20  +1.2 ab60  +3.8 ab126   +6.7 P50/60d  8.6(1.2x) P2x  4.7(1.1x)
>10k cr                           | disc n= 3435 ab5  +0.5 ab20  +1.0 ab60  +2.2 ab126   +3.7 P50/60d  3.3(0.4x) P2x  1.6(0.3x) | conf n= 8215 ab5  +0.5 ab20  +1.4 ab60  +2.9 ab126   +5.9 P50/60d  4.6(0.6x) P2x  2.3(0.5x)
  ...material orders by size:
material order & mcap<2k          | disc n=   43 ab5  -0.2 ab20  +2.3 ab60  +0.6 ab126   +4.7 P50/60d  7.0(0.9x) P2x  4.7(1.0x) | conf n=   41 ab5  -0.4 ab20  +5.7 ab60 +18.6 ab126  +46.2 P50/60d 22.0(3.0x) P2x 17.1(3.9x)
material order & mcap>=2k         | disc n=   45 ab5  -1.7 ab20  -2.6 ab60  -0.8 ab126   -7.0 P50/60d  8.9(1.1x) P2x  0.0(0.0x) | conf n=   91 ab5  +0.5 ab20  +1.8 ab60  +7.5 ab126  +18.4 P50/60d 12.1(1.6x) P2x 15.4(3.6x)

EVENT STUDY COMPLETE
