wiring check: custom selector reproduces S1M on 383/383 weeks

=== EXP-2026-09-29-industry-fundamentals · weekly cohorts 2019-01-01.. · 126-session ladder, close entry ===
arm     CAGR   disc   conf   maxDD Sharpe names  P+50  phases  PASS
S0      23.0   24.3   21.6   -33.7   1.04   9.7  29.5          
S1M     33.5   31.8   35.3   -38.8   1.32   8.5  36.6          
F1      35.5   39.6   31.2   -47.9   1.42   8.5  36.2  0/5     False
F2      36.5   31.4   42.1   -40.2   1.50   8.2  39.9  0/5     False
H2      27.9   29.6   26.1   -39.3   1.18   8.4  33.3  0/5     False

Q1 industry IC with the next 65-session industry return (non-overlapping samples; pic = partial on heat_pct):
  ic_F         disc +0.119 (t +0.9, n 9) | conf +0.063 (t +1.2, n 13)
  pic_F        disc +0.124 (t +1.1, n 9) | conf +0.054 (t +1.0, n 13)
  ic_A         disc -0.016 (t -0.3, n 14) | conf +0.078 (t +1.2, n 13)
  pic_A        disc -0.038 (t -0.6, n 14) | conf +0.062 (t +1.1, n 13)
  ic_B         disc -0.098 (t -0.3, n 3) | conf +0.045 (t +0.7, n 13)
  pic_B        disc -0.158 (t -0.5, n 3) | conf +0.036 (t +0.5, n 13)
  ic_C         disc +0.107 (t +1.1, n 11) | conf +0.019 (t +0.5, n 13)
  pic_C        disc +0.058 (t +0.6, n 11) | conf +0.026 (t +0.6, n 13)
  ic_D_flows   disc +nan (t +nan, n 0) | conf +0.018 (t +0.5, n 13)
  pic_D_flows  disc +nan (t +nan, n 0) | conf +0.036 (t +1.3, n 13)
  ic_heat_mean disc +0.115 (t +1.7, n 16) | conf +0.052 (t +0.8, n 13)
  pic_heat_mean disc +nan (t +nan, n 0) | conf +nan (t +nan, n 0)

VERDICT: no arm beats S1M by the registered rule · 30s
