HOLD 63 sessions · 13 weekly slots · panel 2015-01-01..2026-09-23 · weekly cohorts 525 from 2016-06-03 · breadth>=0.50 on 67% of cohort dates

BASELINE  CAGR  +21.6% (disc  +20.7 / conf  +23.0) · maxDD  -44.2% · Sharpe 0.91 · x7.5 · names/cohort 8.6 · invested 94% | clip±40%: CAGR +21.8 DD -44.0
G         CAGR  +15.8% (disc  +15.6 / conf  +15.8) · maxDD  -35.4% · Sharpe 0.90 · x4.5 · names/cohort 9.2 · invested 63% | clip±40%: CAGR +15.9 DD -35.3
B         CAGR  +21.3% (disc  +20.5 / conf  +22.3) · maxDD  -40.2% · Sharpe 0.94 · x7.3 · names/cohort 16.9 · invested 95% | clip±40%: CAGR +21.8 DD -39.6
H         CAGR  +25.9% (disc  +29.0 / conf  +20.3) · maxDD  -51.7% · Sharpe 1.07 · x10.7 · names/cohort 8.3 · invested 95% | clip±40%: CAGR +26.2 DD -51.6
G+B       CAGR  +15.5% (disc  +14.1 / conf  +17.8) · maxDD  -37.5% · Sharpe 0.94 · x4.4 · names/cohort 18.7 · invested 63% | clip±40%: CAGR +15.8 DD -37.1
G+H       CAGR  +25.5% (disc  +30.2 / conf  +17.5) · maxDD  -32.8% · Sharpe 1.32 · x10.4 · names/cohort 8.7 · invested 65% | clip±40%: CAGR +25.7 DD -32.7
B+H       CAGR  +21.2% (disc  +18.9 / conf  +25.1) · maxDD  -55.2% · Sharpe 0.95 · x7.2 · names/cohort 17.4 · invested 96% | clip±40%: CAGR +21.7 DD -55.2
G+B+H     CAGR  +21.2% (disc  +21.6 / conf  +20.6) · maxDD  -34.9% · Sharpe 1.22 · x7.3 · names/cohort 18.9 · invested 65% | clip±40%: CAGR +21.6 DD -34.4
BENCH EW  CAGR  +18.2% (disc  +16.1 / conf  +21.9) · maxDD  -52.5% · Sharpe 0.97

CALENDAR-YEAR RETURNS (%)
            2016   2017   2018   2019   2020   2021   2022   2023   2024   2025   2026
BASELINE   -10.7   40.5  -15.2    4.2  134.2   42.7  -11.8   57.9   18.7  -18.3   37.6
G           -9.7   27.3  -13.9    2.7   95.6   35.8   -6.5   36.9   13.9   -7.3   17.1
B           -8.1   42.2  -12.5   10.4   75.8   54.2   -5.7   61.1   21.9  -20.4   32.2
H           -0.1  135.7  -10.9  -16.3  120.3   63.4  -20.7   67.6   23.5  -24.7   23.2
G+B         -7.9   30.6  -15.4    3.0   58.2   46.6   -5.3   40.1   16.3   -5.7   17.6
G+H          0.6  113.0   -6.1   -3.1   99.0   56.4  -10.0   45.5   15.0  -11.2   19.7
B+H         -0.3   89.2  -11.9  -19.3   63.0   54.0  -12.0   78.1   31.0  -19.4   19.1
G+B+H        0.1   75.7   -5.4   -4.6   58.6   49.9   -7.4   50.8   22.7   -7.9   15.9
BENCH EW     7.6   56.3  -19.1   -2.4   23.7   53.0    1.6   49.3   28.9   -5.0   12.1

VERDICT vs BASELINE (registered: CAGR higher in BOTH eras AND maxDD not worse by >2pp)
  G       no    · disc -5.1pp · conf -7.3pp · maxDD +8.7pp
  B       no    · disc -0.2pp · conf -0.7pp · maxDD +3.9pp
  H       no    · disc +8.4pp · conf -2.7pp · maxDD -7.5pp
  G+B     no    · disc -6.6pp · conf -5.3pp · maxDD +6.6pp
  G+H     no    · disc +9.5pp · conf -5.6pp · maxDD +11.4pp
  B+H     no    · disc -1.8pp · conf +2.1pp · maxDD -11.0pp
  G+B+H   no    · disc +0.9pp · conf -2.5pp · maxDD +9.2pp

PORTFOLIO 7X COMPLETE
