panel stock_daily_facts_adjusted_2015plus.parquet | 2898 sessions x 3295 symbols | entry=next_open cost=turnover
MODEL arms: included (pred point-in-time) [log_px median |diff| vs log10(adjusted close) 0.3077, vs log10(raw price) 0.0000 on 102017 scored rows with a later split/bonus]
single-session moves <= -45% or >= +100% on rule/MODEL-picked names: 25 (largest 15; check for unadjusted corporate actions)
   MAJESCO        2020-12-23  -98.8%  gap 1 sessions
   LANCER         2026-08-17  -92.6%  gap 815 sessions
   TIPSINDLTD     2023-04-21  -90.4%  gap 1 sessions
   INFIBEAM       2017-08-31  -89.8%  gap 1 sessions
   TRIL           2017-09-28  -89.6%  gap 1 sessions
   DAAWAT         2017-02-07  -89.2%  gap 1 sessions
   MINDAIND       2016-09-12  -80.9%  gap 1 sessions
   MCDOWELL-N     2018-06-15  -80.4%  gap 1 sessions
   TIDEWATER      2021-07-26  -79.0%  gap 1 sessions
   HSIL           2019-08-19  -73.7%  gap 1 sessions
   BOROSIL        2018-08-02  -71.0%  gap 1 sessions
   INFIBEAM       2018-09-28  -70.8%  gap 1 sessions
   MINDAIND       2018-07-11  -66.4%  gap 1 sessions
   8KMILES        2016-10-10  -59.2%  gap 1 sessions
   INFIBEAM       2021-03-18  -57.2%  gap 1 sessions
done 2019+ BASELINE  [11s]
done 2019+ G  [12s]
done 2019+ B  [12s]
done 2019+ H  [13s]
done 2019+ G+B  [13s]
done 2019+ G+H  [14s]
done 2019+ B+H  [14s]
done 2019+ G+B+H  [15s]
done 2019+ MODEL top-10  [16s]
done 2019+ MODEL top-20  [16s]
done 2019+ EW market  [18s]
done 2016+ BASELINE  [19s]
done 2016+ G  [19s]
done 2016+ B  [20s]
done 2016+ H  [21s]
done 2016+ G+B  [21s]
done 2016+ G+H  [22s]
done 2016+ B+H  [23s]
done 2016+ G+B+H  [24s]
done 2016+ EW market  [26s]

=== 2019+ · era all · MEDIAN CAGR % · entry=next_open cost=turnover (rows = approach, cols = hold) ===
hold           30    60    90    100   180   250
approach                                        
BASELINE      16.1  23.0  21.7  21.4  22.0  25.8
G             15.5  15.9  14.4  14.7  17.0  22.0
B             24.1  25.5  23.0  23.2  24.1  24.9
H             11.4  16.5  22.9  20.7  25.0  25.6
G+B           21.5  17.9  19.6  15.7  16.9  20.5
G+H            9.3  17.0  18.9  16.9  17.4  19.2
B+H           18.4  19.6  23.3  22.7  23.8  24.6
G+B+H         12.5  18.8  17.2  16.1  18.7  20.3
MODEL top-10  26.1  22.1  23.1  25.5  30.0  29.4
MODEL top-20  23.2  20.4  22.1  22.0  28.7  30.0
EW market     17.8  17.8  18.0  18.1  19.5  20.1

=== 2019+ · era all · WORST-OF-6-PHASES CAGR % · entry=next_open cost=turnover (rows = approach, cols = hold) ===
hold           30    60    90    100   180   250
approach                                        
BASELINE      13.5  11.3  -0.9  14.9  10.2  -4.4
G              5.7   8.4   1.2   9.1   9.9   0.4
B             18.1  13.9  15.1  16.1  18.8   3.1
H              0.6   5.3  15.6  11.6   9.5  13.5
G+B            7.2  10.0  10.1   9.4  11.3  -0.1
G+H            5.8  11.2  11.2   5.7  -0.2 -11.3
B+H            8.5   7.5  13.4  15.7  16.7  12.6
G+B+H          9.2   7.4  16.2  13.0   9.7  -9.0
MODEL top-10  13.6  16.1  15.4  17.5  22.2  12.7
MODEL top-20  17.7  16.7  17.5  19.7  26.5  19.0
EW market     16.5  17.2  17.3  17.5  17.6  18.4

=== 2019+ · era all · MEDIAN MAX DRAWDOWN % · entry=next_open cost=turnover (rows = approach, cols = hold) ===
hold           30    60    90    100   180   250
approach                                        
BASELINE     -46.8 -44.2 -44.9 -46.9 -43.4 -41.3
G            -40.1 -39.2 -41.8 -40.6 -37.3 -36.9
B            -44.9 -44.5 -44.2 -43.4 -41.2 -41.2
H            -60.2 -54.5 -51.4 -49.4 -50.9 -47.1
G+B          -37.6 -43.3 -43.3 -42.3 -40.0 -36.1
G+H          -53.1 -41.5 -45.2 -45.0 -38.1 -37.1
B+H          -45.4 -45.3 -42.9 -44.0 -40.4 -43.1
G+B+H        -42.4 -37.4 -41.9 -38.8 -36.3 -36.5
MODEL top-10 -61.1 -57.6 -56.6 -55.9 -53.2 -51.7
MODEL top-20 -58.8 -56.8 -56.3 -55.8 -51.8 -50.6
EW market    -42.5 -42.1 -41.9 -42.0 -41.0 -40.6

=== 2019+ · era disc · MEDIAN CAGR % · entry=next_open cost=turnover (rows = approach, cols = hold) ===
hold           30    60    90    100   180   250
approach                                        
BASELINE      23.3  22.3  26.1  20.7  25.0  27.7
G              5.5  12.1  15.0  10.9  16.5  17.1
B             28.5  24.7  22.7  18.5  24.7  28.0
H             11.7  16.1  25.7  21.1  19.4  19.4
G+B           10.9  15.6  13.3  12.7  17.1  17.6
G+H            4.3  16.4  20.7  17.2  17.1  20.2
B+H           10.7  16.6  18.5  17.1  21.0  16.8
G+B+H          4.1  11.7  15.3  10.4  18.4  17.8
MODEL top-10  15.0  13.5  14.3  14.4  20.6  23.1
MODEL top-20  14.1  16.4  17.5  12.7  24.1  25.4
EW market     17.3  16.9  17.2  17.3  19.3  20.3

=== 2019+ · era disc · WORST-OF-6-PHASES CAGR % · entry=next_open cost=turnover (rows = approach, cols = hold) ===
hold           30    60    90    100   180   250
approach                                        
BASELINE       2.7   3.3 -18.7  16.6  -6.1 -14.8
G              0.2  -2.7 -18.6   2.5  -5.0  -3.9
B             16.9   5.2   5.9  10.9  10.0  -9.9
H             -2.2   2.4   7.6   7.8  -9.8  -5.7
G+B            3.4  -1.9  -4.7   5.1  -1.1  -5.5
G+H           -4.8   0.1   8.1  -5.3  -5.8 -24.7
B+H           -1.5  -1.7  12.4  12.1   0.4  -5.9
G+B+H         -4.5  -7.0   9.6   4.9   5.3 -19.3
MODEL top-10  -1.4   3.4  -0.9   0.1  10.6   0.8
MODEL top-20   3.3   2.7   1.1   4.5   9.3   3.3
EW market     15.2  15.8  16.0  16.4  15.6  16.6

=== 2019+ · era disc · MEDIAN MAX DRAWDOWN % · entry=next_open cost=turnover (rows = approach, cols = hold) ===
hold           30    60    90    100   180   250
approach                                        
BASELINE     -38.0 -39.1 -40.5 -39.5 -41.2 -37.7
G            -40.1 -38.7 -41.4 -38.5 -33.3 -32.9
B            -41.8 -43.4 -44.0 -41.5 -41.2 -41.2
H            -51.0 -52.0 -46.8 -45.6 -46.1 -44.8
G+B          -37.6 -43.3 -43.3 -42.3 -31.4 -33.1
G+H          -53.1 -38.6 -43.8 -43.0 -35.5 -35.1
B+H          -43.5 -43.0 -42.2 -38.6 -39.4 -43.1
G+B+H        -42.4 -37.4 -40.1 -37.1 -35.4 -36.0
MODEL top-10 -61.1 -57.0 -56.6 -55.9 -52.6 -51.7
MODEL top-20 -58.8 -56.8 -56.3 -55.8 -51.8 -50.6
EW market    -42.5 -42.1 -41.9 -42.0 -41.0 -40.6

=== 2019+ · era conf · MEDIAN CAGR % · entry=next_open cost=turnover (rows = approach, cols = hold) ===
hold           30    60    90    100   180   250
approach                                        
BASELINE      15.1  23.1  22.7  23.3  26.9  27.9
G             25.8  24.3  22.7  20.2  20.8  19.3
B             24.1  24.9  28.9  26.2  27.9  26.2
H             13.7  18.8  25.3  20.6  30.7  31.6
G+B           29.9  24.7  24.6  19.6  20.3  20.3
G+H           20.1  18.7  16.5  17.3  20.4  24.4
B+H           23.4  28.9  28.7  28.7  33.5  33.6
G+B+H         28.7  27.9  22.9  20.6  22.0  26.7
MODEL top-10  36.7  35.9  34.7  40.8  36.6  36.7
MODEL top-20  35.6  30.6  32.0  34.5  36.5  36.5
EW market     19.2  19.5  19.9  19.9  20.3  20.3

=== 2019+ · era conf · WORST-OF-6-PHASES CAGR % · entry=next_open cost=turnover (rows = approach, cols = hold) ===
hold           30    60    90    100   180   250
approach                                        
BASELINE       3.4   4.0  11.9  14.8  14.4   7.6
G             11.0  12.7   7.9  14.8   4.9   2.9
B              6.3  11.6  15.3  17.6  15.6  15.7
H              4.8  10.7   7.4  14.6  21.1  20.8
G+B           11.9  15.8  14.8  14.1   7.6   4.1
G+H           11.9  15.4   6.1  12.1  -0.2   3.0
B+H           19.0  19.5  15.5  20.2  22.6  21.7
G+B+H         16.9  21.5  18.0  13.3   6.8   4.4
MODEL top-10  30.9  20.4  25.5  10.5  28.7  24.1
MODEL top-20  23.2  23.5  19.7  19.0  26.9  26.5
EW market     18.8  18.8  19.2  19.4  19.6  20.0

=== 2019+ · era conf · MEDIAN MAX DRAWDOWN % · entry=next_open cost=turnover (rows = approach, cols = hold) ===
hold           30    60    90    100   180   250
approach                                        
BASELINE     -46.1 -41.8 -40.6 -40.2 -38.3 -34.9
G            -22.9 -25.4 -25.8 -27.6 -32.4 -31.4
B            -40.6 -38.0 -38.1 -37.4 -35.3 -33.5
H            -52.9 -46.3 -42.6 -42.6 -35.5 -34.5
G+B          -16.1 -23.0 -21.1 -24.2 -31.5 -30.5
G+H          -30.3 -28.2 -27.5 -30.3 -32.4 -30.8
B+H          -43.6 -42.9 -38.3 -37.4 -33.2 -33.2
G+B+H        -19.0 -21.9 -22.1 -25.8 -31.5 -29.3
MODEL top-10 -40.3 -41.7 -42.2 -44.1 -42.3 -39.2
MODEL top-20 -42.3 -43.3 -39.4 -42.6 -39.2 -37.2
EW market    -26.6 -26.6 -26.6 -26.5 -26.4 -26.2

=== 2016+ · era all · MEDIAN CAGR % · entry=next_open cost=turnover (rows = approach, cols = hold) ===
hold        30    60    90    100   180   250
approach                                     
BASELINE   15.1  18.2  17.2  16.9  17.9  20.7
G          10.2  11.5  12.8  11.8  14.2  13.0
B          22.0  20.0  20.9  18.7  19.5  19.2
H          12.9  17.8  18.3  20.1  24.1  20.4
G+B        14.1  12.4  13.0  13.0  13.9  14.2
G+H        12.2  16.6  16.8  17.4  18.0  17.0
B+H        18.0  20.8  20.4  20.3  23.4  19.1
G+B+H      13.9  16.8  16.7  14.8  16.6  16.4
EW market  15.0  14.5  14.5  14.5  15.0  15.0

=== 2016+ · era all · WORST-OF-6-PHASES CAGR % · entry=next_open cost=turnover (rows = approach, cols = hold) ===
hold        30    60    90    100   180   250
approach                                     
BASELINE   11.4   9.0   6.9  11.0  13.8   9.1
G           2.6   6.3   2.5   0.0   5.5   2.8
B          16.1  10.9  18.0  13.8  11.4  10.5
H           3.3  10.2  12.1  14.1  -2.0   6.4
G+B         5.0   7.8   8.7   3.3   6.1   4.5
G+H         7.2  10.6   9.9   3.0   3.6   9.9
B+H         9.4   7.1  10.5  17.3  -1.0  13.5
G+B+H      11.1  10.2  14.8   8.6   3.0  11.1
EW market  14.2  14.1  13.9  13.9  14.5  14.4

=== 2016+ · era all · MEDIAN MAX DRAWDOWN % · entry=next_open cost=turnover (rows = approach, cols = hold) ===
hold        30    60    90    100   180   250
approach                                     
BASELINE  -49.8 -50.1 -51.9 -54.1 -49.1 -52.1
G         -46.9 -49.4 -50.4 -46.3 -44.9 -47.8
B         -47.0 -44.9 -49.0 -50.0 -48.3 -49.3
H         -60.6 -57.5 -58.7 -60.6 -57.0 -64.7
G+B       -45.0 -49.3 -48.5 -48.4 -44.9 -46.1
G+H       -58.8 -50.4 -51.5 -53.3 -47.8 -45.5
B+H       -52.7 -50.2 -53.7 -54.6 -54.6 -63.9
G+B+H     -46.5 -45.0 -45.9 -50.2 -40.8 -45.9
EW market -54.6 -54.5 -54.3 -54.1 -54.2 -53.7

=== 2016+ · era disc · MEDIAN CAGR % · entry=next_open cost=turnover (rows = approach, cols = hold) ===
hold        30    60    90    100   180   250
approach                                     
BASELINE   17.2  19.4  16.2  14.4  17.8  16.7
G           5.5   6.5   6.8   5.2  12.4  11.2
B          21.9  17.2  18.4  16.7  18.2  15.6
H          12.6  17.9  20.2  18.9  17.9  14.8
G+B         9.8   7.4   8.3   9.1  13.9  10.9
G+H        10.9  18.0  19.6  16.9  18.3  13.5
B+H        13.7  18.1  18.0  16.8  18.0  13.7
G+B+H       9.6  15.5  14.8  13.6  16.5  11.9
EW market  13.2  12.1  11.9  12.0  12.7  12.5

=== 2016+ · era disc · WORST-OF-6-PHASES CAGR % · entry=next_open cost=turnover (rows = approach, cols = hold) ===
hold        30    60    90    100   180   250
approach                                     
BASELINE    4.9   3.7  -4.9   5.4   4.0   0.9
G          -2.8  -0.3  -6.7  -6.8   2.9   0.9
B          12.3   8.9  11.5   6.7   2.3   4.0
H           3.1  11.2   4.0  12.7 -14.7   3.1
G+B         1.5  -1.3   0.6  -3.7   4.7   1.3
G+H        -0.1   2.5   6.2  -5.3  11.7   1.3
B+H         3.6   2.3   0.9  14.5 -15.7   4.2
G+B+H      -0.3   3.4  13.6   0.5   8.6   1.4
EW market  11.8  11.7  11.3  11.2  11.3  11.3

=== 2016+ · era disc · MEDIAN MAX DRAWDOWN % · entry=next_open cost=turnover (rows = approach, cols = hold) ===
hold        30    60    90    100   180   250
approach                                     
BASELINE  -42.1 -43.4 -51.5 -53.4 -49.1 -51.6
G         -46.9 -48.2 -49.6 -46.3 -44.5 -47.8
B         -41.8 -44.3 -49.0 -50.0 -48.3 -48.7
H         -58.3 -54.5 -57.7 -60.6 -56.0 -63.2
G+B       -45.0 -49.3 -48.5 -48.4 -43.8 -46.1
G+H       -57.8 -50.1 -51.5 -53.3 -44.8 -44.3
B+H       -52.7 -50.2 -53.7 -54.6 -54.6 -63.9
G+B+H     -46.5 -45.0 -45.9 -50.2 -39.9 -45.9
EW market -54.6 -54.5 -54.3 -54.1 -54.2 -53.7

=== 2016+ · era conf · MEDIAN CAGR % · entry=next_open cost=turnover (rows = approach, cols = hold) ===
hold        30    60    90    100   180   250
approach                                     
BASELINE   15.1  23.1  22.7  23.3  26.9  27.9
G          25.8  24.3  22.7  20.2  20.8  19.3
B          24.1  24.9  28.9  26.2  27.9  26.2
H          13.7  18.8  25.3  20.6  30.7  31.6
G+B        29.9  24.7  24.6  19.6  20.3  20.3
G+H        20.1  18.7  16.5  17.3  20.4  24.4
B+H        23.4  28.9  28.7  28.7  33.5  33.6
G+B+H      28.7  27.9  22.9  20.6  22.0  26.7
EW market  19.2  19.5  19.9  19.9  20.3  20.3

=== 2016+ · era conf · WORST-OF-6-PHASES CAGR % · entry=next_open cost=turnover (rows = approach, cols = hold) ===
hold        30    60    90    100   180   250
approach                                     
BASELINE    3.4   4.0   6.1  19.4   2.2  20.8
G          11.0   7.3   9.4  10.2  -6.2   6.2
B           6.3  11.6   8.3  19.1   8.8  22.1
H           4.8   8.1  11.3  16.9  23.6  13.2
G+B        11.9  10.0   7.0   9.9  -6.4   5.9
G+H        11.9   6.8   3.5   6.0 -13.0   5.5
B+H        19.0  17.6  15.4  22.4  26.7  23.6
G+B+H      16.9  11.4   8.6   9.2  -5.9   9.3
EW market  18.8  19.0  19.2  19.5  19.3  19.7

=== 2016+ · era conf · MEDIAN MAX DRAWDOWN % · entry=next_open cost=turnover (rows = approach, cols = hold) ===
hold        30    60    90    100   180   250
approach                                     
BASELINE  -46.1 -41.8 -40.6 -40.2 -38.3 -34.9
G         -22.9 -25.4 -25.8 -27.6 -32.4 -31.4
B         -40.6 -38.0 -38.1 -37.4 -35.3 -33.5
H         -52.9 -46.3 -42.6 -42.6 -35.5 -34.5
G+B       -16.1 -23.0 -21.1 -24.2 -31.5 -30.5
G+H       -30.3 -28.2 -27.5 -30.3 -32.4 -30.8
B+H       -43.6 -42.9 -38.3 -37.4 -33.2 -33.2
G+B+H     -19.0 -21.9 -22.1 -25.8 -31.5 -29.3
EW market -26.6 -26.6 -26.6 -26.5 -26.4 -26.2

wrote /Users/abhinavs./Documents/Zoom/logs/leader_sleeve/allin_matrix/matrix_next_open_turnover.csv and /Users/abhinavs./Documents/Zoom/logs/leader_sleeve/allin_matrix/phases_next_open_turnover.csv (+ manifests)
ALLIN MATRIX COMPLETE
