panel stock_daily_facts_adjusted_2015plus.parquet | 2898 sessions x 3295 symbols | entry=close cost=turnover
MODEL arms: included (pred point-in-time) [log_px median |diff| vs log10(adjusted close) 0.3077, vs log10(raw price) 0.0000 on 102017 scored rows with a later split/bonus]
single-session moves <= -45% or >= +100% on rule/MODEL-picked names: 25 (largest 15; check for unadjusted corporate actions)
   MAJESCO        2020-12-23  -98.8%  gap 1 sessions
   LANCER         2026-08-17  -92.6%  gap 815 sessions
   TIPSINDLTD     2023-04-21  -90.4%  gap 1 sessions
   INFIBEAM       2017-08-31  -89.8%  gap 1 sessions
   TRIL           2017-09-28  -89.6%  gap 1 sessions
   DAAWAT         2017-02-07  -89.2%  gap 1 sessions
   MINDAIND       2016-09-12  -80.9%  gap 1 sessions
   MCDOWELL-N     2018-06-15  -80.4%  gap 1 sessions
   TIDEWATER      2021-07-26  -79.0%  gap 1 sessions
   HSIL           2019-08-19  -73.7%  gap 1 sessions
   BOROSIL        2018-08-02  -71.0%  gap 1 sessions
   INFIBEAM       2018-09-28  -70.8%  gap 1 sessions
   MINDAIND       2018-07-11  -66.4%  gap 1 sessions
   8KMILES        2016-10-10  -59.2%  gap 1 sessions
   INFIBEAM       2021-03-18  -57.2%  gap 1 sessions
done 2019+ BASELINE  [8s]
done 2019+ G  [8s]
done 2019+ B  [8s]
done 2019+ H  [9s]
done 2019+ G+B  [9s]
done 2019+ G+H  [9s]
done 2019+ B+H  [10s]
done 2019+ G+B+H  [10s]
done 2019+ MODEL top-10  [10s]
done 2019+ MODEL top-20  [10s]
done 2019+ EW market  [12s]
done 2016+ BASELINE  [12s]
done 2016+ G  [12s]
done 2016+ B  [13s]
done 2016+ H  [13s]
done 2016+ G+B  [14s]
done 2016+ G+H  [14s]
done 2016+ B+H  [14s]
done 2016+ G+B+H  [15s]
done 2016+ EW market  [16s]

=== 2019+ · era all · MEDIAN CAGR % · entry=close cost=turnover (rows = approach, cols = hold) ===
hold           30    60    90    100   180   250
approach                                        
BASELINE      17.2  24.8  22.2  21.8  22.4  25.3
G             16.6  17.8  16.1  15.1  18.3  22.0
B             25.1  25.6  23.3  23.5  24.3  25.2
H             11.9  18.1  24.0  23.7  26.8  25.7
G+B           20.3  19.2  19.8  15.4  17.2  20.6
G+H           11.3  16.7  19.5  18.6  19.4  19.7
B+H           19.0  19.5  24.4  24.4  23.3  25.1
G+B+H         14.0  20.1  18.6  17.2  19.2  20.4
MODEL top-10  29.5  24.1  24.3  25.6  30.7  29.7
MODEL top-20  26.2  23.6  23.5  24.6  29.3  30.6
EW market     18.0  18.0  18.2  18.3  19.6  20.2

=== 2019+ · era all · WORST-OF-6-PHASES CAGR % · entry=close cost=turnover (rows = approach, cols = hold) ===
hold           30    60    90    100   180   250
approach                                        
BASELINE      15.2  13.3   2.6  16.7  10.6  -3.2
G              7.8   9.9   4.4   9.4   9.4  -0.4
B             19.0  15.1  13.7  16.8  19.4   4.0
H              1.6   6.5  15.1  16.8   9.5  12.6
G+B            8.7  10.9   7.4  10.0  11.1  -0.7
G+H            6.1  12.3  11.3  10.8   0.2 -12.2
B+H           10.4   8.2  15.1  16.5  16.7  13.5
G+B+H          8.8   8.4  16.4  14.5  10.1 -10.0
MODEL top-10  17.1  18.1  14.5  16.5  22.6  13.8
MODEL top-20  19.6  18.5  18.3  19.4  26.3  19.8
EW market     16.9  17.4  17.6  17.7  17.7  18.6

=== 2019+ · era all · MEDIAN MAX DRAWDOWN % · entry=close cost=turnover (rows = approach, cols = hold) ===
hold           30    60    90    100   180   250
approach                                        
BASELINE     -46.3 -46.5 -45.3 -47.4 -43.0 -41.3
G            -36.7 -38.6 -41.8 -40.4 -37.6 -37.2
B            -45.0 -44.4 -44.4 -43.3 -41.2 -41.2
H            -57.5 -54.6 -51.8 -50.8 -51.3 -48.3
G+B          -33.2 -43.3 -43.3 -42.2 -40.0 -36.0
G+H          -51.7 -42.9 -45.2 -44.7 -38.8 -37.3
B+H          -45.1 -44.4 -42.6 -44.2 -40.6 -43.1
G+B+H        -41.7 -37.6 -41.8 -38.3 -36.3 -36.3
MODEL top-10 -60.7 -58.7 -57.1 -56.0 -53.7 -51.8
MODEL top-20 -59.4 -56.9 -56.3 -55.6 -52.2 -51.1
EW market    -42.4 -42.0 -41.8 -41.9 -41.0 -40.6

=== 2019+ · era disc · MEDIAN CAGR % · entry=close cost=turnover (rows = approach, cols = hold) ===
hold           30    60    90    100   180   250
approach                                        
BASELINE      24.0  23.7  26.6  20.7  24.6  29.4
G              5.7  17.4  16.3  12.4  17.0  17.3
B             29.0  26.4  23.9  19.7  24.5  28.5
H             13.6  20.2  27.4  22.4  22.8  22.4
G+B           11.2  16.7  13.9  12.8  15.3  18.8
G+H            6.1  18.2  22.4  19.5  19.1  23.0
B+H           12.6  17.6  19.7  17.1  21.6  17.0
G+B+H          6.4  12.2  15.7  12.7  18.7  18.7
MODEL top-10  18.1  16.9  17.9  15.5  22.1  24.1
MODEL top-20  18.0  18.8  18.6  14.3  24.5  25.4
EW market     17.4  17.2  17.4  17.6  19.5  20.3

=== 2019+ · era disc · WORST-OF-6-PHASES CAGR % · entry=close cost=turnover (rows = approach, cols = hold) ===
hold           30    60    90    100   180   250
approach                                        
BASELINE       5.3   5.7 -12.8  16.2  -5.3 -13.8
G              1.3  -1.4 -13.3   0.4  -4.2  -5.2
B             11.1   6.7   1.7  11.5  10.7  -9.1
H             -1.5   2.7   8.4  18.0  -9.9  -7.0
G+B            2.0  -0.5  -9.0   5.3  -0.5  -6.4
G+H           -5.6   0.6   8.1   3.2  -5.3 -26.0
B+H            1.3  -1.7  15.8  12.7   0.2  -5.6
G+B+H         -3.3  -6.0  12.6   9.4   5.3 -20.9
MODEL top-10   0.1   4.4   0.5   7.2  10.2   1.8
MODEL top-20   3.8   4.2   1.7   8.6   9.1   4.0
EW market     15.6  15.9  16.4  16.6  15.8  16.8

=== 2019+ · era disc · MEDIAN MAX DRAWDOWN % · entry=close cost=turnover (rows = approach, cols = hold) ===
hold           30    60    90    100   180   250
approach                                        
BASELINE     -38.5 -37.6 -40.4 -41.7 -41.2 -38.6
G            -36.7 -37.7 -41.4 -37.8 -35.0 -33.2
B            -42.2 -43.7 -43.9 -42.1 -41.2 -41.0
H            -50.9 -52.0 -47.1 -47.1 -46.8 -47.2
G+B          -33.2 -43.3 -43.3 -42.2 -31.0 -33.2
G+H          -51.7 -39.3 -43.5 -42.5 -35.8 -35.7
B+H          -42.2 -43.6 -42.2 -38.4 -40.3 -43.1
G+B+H        -41.7 -37.6 -39.8 -37.4 -35.5 -35.9
MODEL top-10 -60.7 -58.7 -57.1 -56.0 -52.6 -51.8
MODEL top-20 -59.4 -56.9 -56.3 -55.6 -52.2 -51.1
EW market    -42.4 -42.0 -41.8 -41.9 -41.0 -40.6

=== 2019+ · era conf · MEDIAN CAGR % · entry=close cost=turnover (rows = approach, cols = hold) ===
hold           30    60    90    100   180   250
approach                                        
BASELINE      16.9  24.2  24.3  24.4  27.2  26.3
G             26.3  24.5  21.7  20.7  20.7  19.9
B             24.9  24.7  28.7  26.9  27.7  26.0
H             14.8  22.2  27.0  22.2  31.6  32.0
G+B           29.6  24.4  25.0  20.1  20.6  21.8
G+H           21.2  22.9  19.9  19.0  21.3  24.1
B+H           23.6  28.2  29.1  28.8  33.7  33.8
G+B+H         30.3  29.5  24.3  21.7  22.2  26.7
MODEL top-10  41.0  39.8  36.0  41.3  39.2  37.1
MODEL top-20  38.8  33.7  35.7  35.3  38.1  38.1
EW market     19.4  19.6  20.0  20.0  20.4  20.4

=== 2019+ · era conf · WORST-OF-6-PHASES CAGR % · entry=close cost=turnover (rows = approach, cols = hold) ===
hold           30    60    90    100   180   250
approach                                        
BASELINE       6.4   7.9  11.3  14.6  13.9   9.1
G             13.1  15.6   9.6  15.0   4.0   3.3
B              7.5  14.1  14.9  19.7  15.3  15.4
H              6.0  12.9   6.6  15.2  21.6  21.7
G+B           14.1  17.9  14.8  15.9   7.0   4.2
G+H           12.1  19.3   5.3  14.6  -0.3   3.9
B+H           18.9  19.4  15.2  20.9  22.6  21.8
G+B+H         17.6  23.8  18.2  16.6   6.5   4.1
MODEL top-10  38.2  23.2  24.7   8.8  28.4  25.0
MODEL top-20  28.3  25.3  18.9  18.3  25.5  25.8
EW market     19.1  19.0  19.3  19.6  19.7  20.1

=== 2019+ · era conf · MEDIAN MAX DRAWDOWN % · entry=close cost=turnover (rows = approach, cols = hold) ===
hold           30    60    90    100   180   250
approach                                        
BASELINE     -46.3 -42.9 -41.8 -40.5 -38.5 -35.1
G            -22.7 -25.4 -25.7 -27.1 -33.4 -32.2
B            -41.5 -38.4 -38.5 -37.4 -35.2 -34.1
H            -53.6 -48.5 -43.0 -42.7 -35.4 -34.8
G+B          -15.8 -23.6 -20.8 -23.7 -31.7 -30.5
G+H          -30.7 -26.5 -27.6 -30.4 -32.4 -31.3
B+H          -44.4 -43.3 -39.1 -37.4 -33.2 -33.3
G+B+H        -19.1 -21.6 -22.5 -25.7 -31.4 -29.3
MODEL top-10 -39.7 -42.1 -41.2 -43.9 -43.3 -40.5
MODEL top-20 -41.7 -42.9 -40.0 -43.5 -40.0 -38.1
EW market    -26.3 -26.5 -26.5 -26.4 -26.4 -26.1

=== 2016+ · era all · MEDIAN CAGR % · entry=close cost=turnover (rows = approach, cols = hold) ===
hold        30    60    90    100   180   250
approach                                     
BASELINE   16.0  20.3  18.9  18.0  18.4  20.5
G          11.9  12.6  13.8  12.4  14.8  13.2
B          22.1  21.1  21.8  19.0  19.4  19.8
H          13.2  19.3  22.1  21.5  24.4  20.8
G+B        15.6  12.0  13.4  13.4  13.4  14.1
G+H        12.8  17.8  18.6  18.9  19.5  18.6
B+H        19.2  21.3  21.4  21.5  23.6  19.8
G+B+H      15.5  17.4  17.1  15.2  17.1  16.4
EW market  15.3  14.7  14.8  14.7  15.1  15.1

=== 2016+ · era all · WORST-OF-6-PHASES CAGR % · entry=close cost=turnover (rows = approach, cols = hold) ===
hold        30    60    90    100   180   250
approach                                     
BASELINE   12.6  10.0   7.7  11.6  14.1   9.7
G           3.9   7.5   3.0   1.0   5.7   3.4
B          16.4  11.2  18.2  14.4  11.3  10.9
H           4.1  12.4  11.2  16.0  -1.2  11.8
G+B         5.8   8.4   8.6   3.9   6.2   4.9
G+H         8.9  11.6  14.6   5.7   4.9   9.6
B+H        10.8   7.4  10.2  18.3  -0.4  15.5
G+B+H      12.4  10.5  14.3  10.2   3.9  10.9
EW market  14.5  14.4  14.1  14.0  14.6  14.6

=== 2016+ · era all · MEDIAN MAX DRAWDOWN % · entry=close cost=turnover (rows = approach, cols = hold) ===
hold        30    60    90    100   180   250
approach                                     
BASELINE  -49.1 -50.2 -50.9 -54.4 -49.1 -52.1
G         -46.1 -49.4 -49.2 -46.5 -44.6 -47.4
B         -47.3 -44.4 -48.7 -50.7 -48.4 -48.7
H         -58.3 -58.3 -58.8 -59.5 -56.5 -63.9
G+B       -44.1 -48.4 -48.5 -47.1 -44.8 -46.1
G+H       -57.9 -49.2 -51.1 -53.2 -47.3 -45.6
B+H       -52.5 -51.1 -53.9 -55.5 -54.9 -63.9
G+B+H     -46.5 -43.2 -45.8 -50.6 -40.6 -45.8
EW market -54.4 -54.5 -54.1 -54.0 -54.1 -53.7

=== 2016+ · era disc · MEDIAN CAGR % · entry=close cost=turnover (rows = approach, cols = hold) ===
hold        30    60    90    100   180   250
approach                                     
BASELINE   16.8  20.3  16.4  14.1  19.1  16.2
G           6.2   9.1   8.7   6.9  12.6  10.7
B          21.3  18.8  19.3  15.7  18.6  16.1
H          15.0  19.9  21.4  22.4  19.7  15.7
G+B         8.3   8.5   9.2   8.9  14.1  11.2
G+H        11.7  20.3  20.5  18.9  19.4  13.9
B+H        15.9  18.9  19.5  17.6  18.7  14.2
G+B+H      10.4  17.6  15.5  13.8  16.7  12.2
EW market  13.5  12.3  12.1  12.2  12.7  12.5

=== 2016+ · era disc · WORST-OF-6-PHASES CAGR % · entry=close cost=turnover (rows = approach, cols = hold) ===
hold        30    60    90    100   180   250
approach                                     
BASELINE    6.3   5.0  -4.3   6.0   4.3   1.6
G          -1.6   1.4  -6.7  -6.2   3.3   1.6
B          13.9   9.2  12.1   7.7   2.5   4.4
H           3.6  13.5   3.3  13.3 -13.4   7.9
G+B         1.7  -0.7   0.8  -3.4   4.9   0.6
G+H         2.6   3.8  10.2  -0.0  17.1   1.0
B+H         5.4   3.0   0.8  15.4 -14.9   4.2
G+B+H       2.4   4.5  13.5   3.3  10.0   1.0
EW market  12.2  11.7  11.5  11.4  11.4  11.5

=== 2016+ · era disc · MEDIAN MAX DRAWDOWN % · entry=close cost=turnover (rows = approach, cols = hold) ===
hold        30    60    90    100   180   250
approach                                     
BASELINE  -44.5 -44.4 -50.2 -53.8 -49.1 -50.8
G         -46.1 -47.5 -48.8 -46.5 -44.2 -47.0
B         -42.2 -44.0 -48.7 -50.7 -48.4 -48.6
H         -56.0 -54.6 -57.8 -59.4 -56.0 -63.3
G+B       -44.1 -48.4 -48.5 -47.1 -42.6 -46.1
G+H       -57.2 -48.8 -51.1 -53.2 -44.7 -44.8
B+H       -52.5 -51.1 -53.9 -55.5 -54.9 -63.9
G+B+H     -46.5 -43.2 -45.8 -50.6 -39.5 -45.8
EW market -54.4 -54.5 -54.1 -54.0 -54.1 -53.7

=== 2016+ · era conf · MEDIAN CAGR % · entry=close cost=turnover (rows = approach, cols = hold) ===
hold        30    60    90    100   180   250
approach                                     
BASELINE   16.9  24.2  24.3  24.4  27.2  26.3
G          26.3  24.5  21.7  20.7  20.7  19.9
B          24.9  24.7  28.7  26.9  27.7  26.0
H          14.8  22.2  27.0  22.2  31.6  32.0
G+B        29.6  24.4  25.0  20.1  20.6  21.8
G+H        21.2  22.9  19.9  19.0  21.3  24.1
B+H        23.6  28.2  29.1  28.8  33.7  33.8
G+B+H      30.3  29.5  24.3  21.7  22.2  26.7
EW market  19.4  19.6  20.0  20.0  20.4  20.4

=== 2016+ · era conf · WORST-OF-6-PHASES CAGR % · entry=close cost=turnover (rows = approach, cols = hold) ===
hold        30    60    90    100   180   250
approach                                     
BASELINE    6.4   7.9   8.4  19.0   3.0  20.9
G          13.1   6.8   9.2  10.7  -6.7   6.6
B           7.5  14.1   9.3  19.0   9.1  22.2
H           6.0   7.1  13.9  16.9  24.3  13.4
G+B        14.1  10.0   6.8  10.7  -6.7   6.1
G+H        12.1   5.8   4.9   6.9 -13.1   5.6
B+H        18.9  17.2  17.0  22.5  27.7  23.1
G+B+H      17.6  10.9   9.3  10.2  -5.8   8.4
EW market  19.1  19.3  19.3  19.6  19.4  19.8

=== 2016+ · era conf · MEDIAN MAX DRAWDOWN % · entry=close cost=turnover (rows = approach, cols = hold) ===
hold        30    60    90    100   180   250
approach                                     
BASELINE  -46.3 -42.9 -41.8 -40.5 -38.5 -35.1
G         -22.7 -25.4 -25.7 -27.1 -33.4 -32.2
B         -41.5 -38.4 -38.5 -37.4 -35.2 -34.1
H         -53.6 -48.5 -43.0 -42.7 -35.4 -34.8
G+B       -15.8 -23.6 -20.8 -23.7 -31.7 -30.5
G+H       -30.7 -26.5 -27.6 -30.4 -32.4 -31.3
B+H       -44.4 -43.3 -39.1 -37.4 -33.2 -33.3
G+B+H     -19.1 -21.6 -22.5 -25.7 -31.4 -29.3
EW market -26.3 -26.5 -26.5 -26.4 -26.4 -26.1

wrote /Users/abhinavs./Documents/Zoom/logs/leader_sleeve/allin_matrix/matrix_close_turnover.csv and /Users/abhinavs./Documents/Zoom/logs/leader_sleeve/allin_matrix/phases_close_turnover.csv (+ manifests)
ALLIN MATRIX COMPLETE
