industry labels: 3,145 equities, 189 industries (nse4)
panel stock_daily_facts_adjusted_2015plus.parquet: 5,052,682 equity rows, 3,295 symbols, 2015-01-01..2026-09-23 (2,898 sessions)
renames: {'rename_pairs': 385, 'not_in_panel': 132, 'successor_before_old_end': 0, 'gap_over_10d': 7, 'ambiguous': 0, 'chained_pairs': 246, 'chains': 226, 'labels_filled_from_chain': 16}
label coverage of universe rows (nse4): {'rows': 319996, 'labeled': 0.9936624207802598, 'labeled_still_trading': 0.9994809037465772, 'labeled_stopped': 0.8412644459551326, 'unlabeled_rows_stopped': 1868}
open-offer filings: {'filings': 1396, 'symbols': 197, 'by_side': {'target': 1247, 'unclear': 137, 'acquirer': 12}, 'after_close': 733, 'weekly_rows': 317968, 'flagged_rows': 2470, 'flagged_rows_prefix_rule': 3011}

entry=next_open cost=adv hold=126 sessions · NAV = 26 overlapping weekly slots, daily mark-to-market

ARM                             | era      |     n | tr/yr | mean/tr | med/tr | win% | P2x  | P50  | medTrough | worst coh | navDD  | navCAGR | yrs+ 
A0 mean-heat top3               | disc<=22 | 3,180 |   484 |  +8.17% |  +2.66% | 53.7 |  5.6 | 24.1 |    -18.1% |    -44.8% |  -46.6% |  +15.1% |   5/7
A0 mean-heat top3               | conf>=23 | 3,068 |   959 | +10.49% |  +2.21% | 52.2 |  6.8 | 25.2 |    -18.1% |    -29.0% |  -32.7% |  +21.2% |   2/4
A1 PRODUCTION (A0+EXT)          | disc<=22 | 2,084 |   317 |  +7.95% |  +1.42% | 51.7 |  6.5 | 26.8 |    -19.5% |    -41.7% |  -38.6% |  +16.5% |   5/7
A1 PRODUCTION (A0+EXT)          | conf>=23 | 1,933 |   604 | +13.07% |  +3.44% | 53.6 |  8.6 | 29.7 |    -19.0% |    -37.7% |  -34.3% |  +22.1% |   3/4
  A1 + median heat only         | disc<=22 | 2,019 |   307 |  +8.10% |  +1.13% | 51.4 |  6.1 | 24.6 |    -19.0% |    -55.4% |  -38.3% |  +18.5% |   4/7
  A1 + median heat only         | conf>=23 | 1,811 |   566 | +12.85% |  +3.51% | 54.2 |  7.6 | 27.7 |    -18.4% |    -29.7% |  -32.9% |  +18.2% |   3/4
  A1 + no-takeover only         | disc<=22 | 2,080 |   317 |  +7.93% |  +1.42% | 51.7 |  6.5 | 26.7 |    -19.5% |    -41.7% |  -38.5% |  +16.5% |   5/7
  A1 + no-takeover only         | conf>=23 | 1,903 |   595 | +13.11% |  +3.55% | 53.5 |  8.5 | 29.6 |    -19.0% |    -37.7% |  -34.4% |  +21.7% |   3/4
B PRIMARY (median+EXT+no-TO)    | disc<=22 | 2,015 |   307 |  +8.14% |  +1.13% | 51.3 |  6.1 | 24.6 |    -19.0% |    -55.4% |  -38.2% |  +18.5% |   4/7
B PRIMARY (median+EXT+no-TO)    | conf>=23 | 1,786 |   558 | +13.17% |  +3.58% | 54.4 |  7.7 | 28.1 |    -18.3% |    -29.7% |  -32.1% |  +18.5% |   3/4
  B without EXT                 | disc<=22 | 3,179 |   484 |  +8.38% |  +2.74% | 53.4 |  5.4 | 22.1 |    -18.1% |    -47.7% |  -46.9% |  +15.5% |   5/7
  B without EXT                 | conf>=23 | 3,037 |   949 | +10.27% |  +2.40% | 52.9 |  6.3 | 23.5 |    -17.3% |    -26.4% |  -29.4% |  +21.0% |   2/4
  A1 & ADV<1cr                  | disc<=22 |     0 | too few
  A1 & ADV<1cr                  | conf>=23 |     0 | too few
  A1 & ADV 1-5cr                | disc<=22 |     0 | too few
  A1 & ADV 1-5cr                | conf>=23 |     0 | too few
  A1 & ADV>=5cr                 | disc<=22 | 2,084 |   317 |  +7.95% |  +1.42% | 51.7 |  6.5 | 26.8 |    -19.5% |    -41.7% |  -38.6% |  +16.5% |   5/7
  A1 & ADV>=5cr                 | conf>=23 | 1,933 |   604 | +13.07% |  +3.44% | 53.6 |  8.6 | 29.7 |    -19.0% |    -37.7% |  -34.3% |  +22.1% |   3/4
A1 as v1 (survivorship ref)     | disc<=22 | 2,081 |   317 |  +8.01% |  +1.54% | 51.9 |  6.5 | 26.9 |    -19.6% |    -41.7% |  -38.7% |  +16.3% |   4/7  *
A1 as v1 (survivorship ref)     | conf>=23 | 1,925 |   601 | +13.08% |  +3.34% | 53.4 |  8.7 | 29.9 |    -19.1% |    -37.7% |  -33.8% |  +12.0% |   3/4  *
* A1 as v1 (survivorship ref): NAV columns end at 2026-03-19 (session n-1-126); after it no signal has a full future, so v1 would sit in cash. Per-trade columns in every arm exclude signals whose hold runs past the panel end.

LIKE-FOR-LIKE NAV, every arm through 2026-03-19  (disc / conf)
ARM                             | CAGR disc | maxDD disc | Sharpe d | CAGR conf | maxDD conf | Sharpe c
A0 mean-heat top3               |    +15.1% |     -46.6% |     0.74 |    +14.0% |     -32.0% |     0.72
A1 PRODUCTION (A0+EXT)          |    +16.5% |     -38.6% |     0.81 |    +12.2% |     -33.1% |     0.62
  A1 + median heat only         |    +18.5% |     -38.3% |     0.88 |    +13.6% |     -31.6% |     0.68
  A1 + no-takeover only         |    +16.5% |     -38.5% |     0.81 |    +11.9% |     -33.3% |     0.61
B PRIMARY (median+EXT+no-TO)    |    +18.5% |     -38.2% |     0.88 |    +14.0% |     -30.8% |     0.70
  B without EXT                 |    +15.5% |     -46.9% |     0.76 |    +16.6% |     -28.8% |     0.84
  A1 & ADV<1cr                  |     +0.0% |      +0.0% |      nan |     +0.0% |      +0.0% |      nan
  A1 & ADV 1-5cr                |     +0.0% |      +0.0% |      nan |     +0.0% |      +0.0% |      nan
  A1 & ADV>=5cr                 |    +16.5% |     -38.6% |     0.81 |    +12.2% |     -33.1% |     0.62
A1 as v1 (survivorship ref)     |    +16.3% |     -38.7% |     0.80 |    +12.0% |     -33.8% |     0.62
wrote /Users/abhinavs./Documents/Zoom/logs/leader_sleeve/sim_v2_nse4_core_next_open_adv.json and sim_v2_nse4_core_next_open_adv_nav.parquet (+ manifest)
LEADER CELL V2 COMPLETE
