industry labels: 3,145 equities, 189 industries (nse4)
panel stock_daily_facts_adjusted_2015plus.parquet: 5,052,682 equity rows, 3,295 symbols, 2015-01-01..2026-09-23 (2,898 sessions)
renames: {'rename_pairs': 385, 'not_in_panel': 132, 'successor_before_old_end': 0, 'gap_over_10d': 7, 'ambiguous': 0, 'chained_pairs': 246, 'chains': 226, 'labels_filled_from_chain': 16}
label coverage of universe rows (nse4): {'rows': 780430, 'labeled': 0.9923183373268583, 'labeled_still_trading': 0.9985003548933895, 'labeled_stopped': 0.8878157333272155, 'unlabeled_rows_stopped': 4890}
open-offer filings: {'filings': 1396, 'symbols': 197, 'by_side': {'target': 1247, 'unclear': 137, 'acquirer': 12}, 'after_close': 733, 'weekly_rows': 774435, 'flagged_rows': 5266, 'flagged_rows_prefix_rule': 5961}

entry=close cost=flat hold=126 sessions · NAV = 26 overlapping weekly slots, daily mark-to-market

ARM                             | era      |     n | tr/yr | mean/tr | med/tr | win% | P2x  | P50  | medTrough | worst coh | navDD  | navCAGR | yrs+ 
A0 mean-heat top3               | disc<=22 | 8,034 |  1223 | +13.78% |  +0.62% | 50.8 | 13.1 | 31.7 |    -21.0% |    -41.0% |  -61.4% |  +21.6% |   5/7
A0 mean-heat top3               | conf>=23 | 5,022 |  1569 | +15.55% |  +2.84% | 53.2 | 10.8 | 29.6 |    -18.2% |    -31.9% |  -31.3% |  +29.0% |   4/4
A1 PRODUCTION (A0+EXT)          | disc<=22 | 4,366 |   665 | +18.65% |  +1.62% | 51.8 | 16.2 | 37.0 |    -21.9% |    -59.6% |  -63.6% |  +20.7% |   5/7
A1 PRODUCTION (A0+EXT)          | conf>=23 | 2,839 |   887 | +14.91% |  +2.70% | 53.0 | 12.7 | 33.6 |    -19.9% |    -31.8% |  -35.8% |  +23.6% |   2/4
  A1 + median heat only         | disc<=22 | 4,136 |   630 | +17.36% |  +4.56% | 55.4 | 13.8 | 34.8 |    -19.7% |    -60.9% |  -51.8% |  +25.7% |   5/7
  A1 + median heat only         | conf>=23 | 2,508 |   784 | +15.78% |  +4.71% | 55.5 | 11.2 | 31.7 |    -18.2% |    -35.0% |  -28.8% |  +27.2% |   3/4
  A1 + no-takeover only         | disc<=22 | 4,327 |   659 | +19.01% |  +1.79% | 52.0 | 16.2 | 37.0 |    -21.8% |    -59.6% |  -63.0% |  +21.0% |   5/7
  A1 + no-takeover only         | conf>=23 | 2,773 |   866 | +15.42% |  +2.94% | 53.3 | 12.9 | 33.4 |    -19.8% |    -31.1% |  -35.2% |  +23.8% |   3/4
B PRIMARY (median+EXT+no-TO)    | disc<=22 | 4,119 |   627 | +17.54% |  +4.63% | 55.6 | 13.9 | 34.8 |    -19.7% |    -60.9% |  -51.3% |  +25.6% |   5/7
B PRIMARY (median+EXT+no-TO)    | conf>=23 | 2,471 |   772 | +16.03% |  +4.92% | 55.8 | 11.4 | 31.9 |    -18.1% |    -35.0% |  -27.3% |  +27.4% |   3/4
  B without EXT                 | disc<=22 | 7,991 |  1217 | +14.36% |  +2.95% | 53.9 | 11.5 | 29.7 |    -19.1% |    -38.4% |  -56.4% |  +24.4% |   5/7
  B without EXT                 | conf>=23 | 4,978 |  1555 | +13.35% |  +3.99% | 54.9 |  8.4 | 26.8 |    -16.8% |    -26.5% |  -28.2% |  +25.6% |   3/4
  A1 & ADV<1cr                  | disc<=22 | 1,092 |   166 | +23.93% |  -1.34% | 49.1 | 28.4 | 50.5 |    -25.7% |    -66.0% |  -60.6% |  +26.9% |   5/7
  A1 & ADV<1cr                  | conf>=23 |   458 |   145 |  +4.64% |  -9.57% | 41.9 | 12.7 | 36.0 |    -28.2% |    -60.9% |  -48.7% |   +6.0% |   2/4
  A1 & ADV 1-5cr                | disc<=22 | 1,034 |   157 | +15.57% |  +1.76% | 51.7 | 16.9 | 38.9 |    -23.2% |    -66.6% |  -54.9% |  +13.0% |   5/7
  A1 & ADV 1-5cr                | conf>=23 |   376 |   117 | +20.36% | +11.47% | 59.8 | 16.2 | 41.8 |    -19.7% |    -48.9% |  -42.0% |  +22.6% |   2/4
  A1 & ADV>=5cr                 | disc<=22 | 2,231 |   340 | +17.62% |  +2.23% | 53.2 | 10.0 | 29.5 |    -19.5% |    -75.6% |  -53.2% |  +22.7% |   5/7
  A1 & ADV>=5cr                 | conf>=23 | 2,003 |   626 | +16.33% |  +3.63% | 54.3 | 12.0 | 31.5 |    -18.5% |    -33.8% |  -34.5% |  +24.9% |   3/4
A1 as v1 (survivorship ref)     | disc<=22 | 4,364 |   664 | +18.58% |  +1.52% | 51.7 | 16.0 | 37.0 |    -21.9% |    -59.6% |  -63.9% |  +20.5% |   5/7  *
A1 as v1 (survivorship ref)     | conf>=23 | 2,823 |   882 | +15.02% |  +2.57% | 52.8 | 12.8 | 33.7 |    -19.9% |    -31.8% |  -34.4% |  +15.1% |   2/4  *
* A1 as v1 (survivorship ref): NAV columns end at 2026-03-19 (session n-1-126); after it no signal has a full future, so v1 would sit in cash. Per-trade columns in every arm exclude signals whose hold runs past the panel end.

LIKE-FOR-LIKE NAV, every arm through 2026-03-19  (disc / conf)
ARM                             | CAGR disc | maxDD disc | Sharpe d | CAGR conf | maxDD conf | Sharpe c
A0 mean-heat top3               |    +21.6% |     -61.4% |     1.06 |    +24.1% |     -31.3% |     1.25
A1 PRODUCTION (A0+EXT)          |    +20.7% |     -63.6% |     0.96 |    +15.0% |     -34.1% |     0.80
  A1 + median heat only         |    +25.7% |     -51.8% |     1.16 |    +21.0% |     -27.2% |     1.03
  A1 + no-takeover only         |    +21.0% |     -63.0% |     0.97 |    +15.2% |     -33.5% |     0.80
B PRIMARY (median+EXT+no-TO)    |    +25.6% |     -51.3% |     1.16 |    +21.5% |     -27.0% |     1.04
  B without EXT                 |    +24.4% |     -56.4% |     1.18 |    +20.7% |     -28.2% |     1.08
  A1 & ADV<1cr                  |    +26.9% |     -60.6% |     1.18 |     +4.2% |     -47.7% |     0.31
  A1 & ADV 1-5cr                |    +13.0% |     -54.9% |     0.67 |    +18.6% |     -38.9% |     1.03
  A1 & ADV>=5cr                 |    +22.7% |     -53.2% |     0.97 |    +15.2% |     -32.7% |     0.74
A1 as v1 (survivorship ref)     |    +20.5% |     -63.9% |     0.95 |    +15.1% |     -34.4% |     0.80
wrote /Users/abhinavs./Documents/Zoom/logs/leader_sleeve/sim_v2_nse4_mcap50_close_flat.json and sim_v2_nse4_mcap50_close_flat_nav.parquet (+ manifest)
LEADER CELL V2 COMPLETE
