HOLD 63 sessions · 13 weekly slots · entry close · rebalance never · labels analogs · gap exit next_row
panel stock_daily_facts_adjusted_2015plus.parquet 2015-01-01..2026-09-23 · 2898 sessions after dropping 0 non-session dates (0 loaded rows; see DATA GAPS) · weekly cohorts 510 from 2016-06-03 · breadth>=0.50 on 67% of cohort dates

BASELINE  CAGR  +19.9% (disc  +18.1 / conf  +23.3) · maxDD  -40.5% (disc  -40.5 / conf  -32.4) · Sharpe 0.87 (disc 0.80 / conf 1.02) · x6.5 · names/cohort 8.8 · invested 94% | clip±40%: CAGR +21.8 DD -40.5
G         CAGR  +15.2% (disc  +11.6 / conf  +22.0) · maxDD  -34.7% (disc  -34.7 / conf  -14.8) · Sharpe 0.89 (disc 0.68 / conf 1.35) · x4.3 · names/cohort 9.6 · invested 63% | clip±40%: CAGR +16.6 DD -34.8
B         CAGR  +19.8% (disc  +17.5 / conf  +24.0) · maxDD  -40.6% (disc  -40.6 / conf  -31.9) · Sharpe 0.90 (disc 0.81 / conf 1.08) · x6.4 · names/cohort 18.0 · invested 95% | clip±40%: CAGR +21.2 DD -40.0
H         CAGR  +21.0% (disc  +21.9 / conf  +19.4) · maxDD  -52.4% (disc  -52.4 / conf  -43.8) · Sharpe 0.90 (disc 0.90 / conf 0.88) · x7.1 · names/cohort 8.5 · invested 96% | clip±40%: CAGR +21.5 DD -52.4
G+B       CAGR  +15.1% (disc  +10.8 / conf  +23.0) · maxDD  -38.6% (disc  -38.6 / conf  -14.2) · Sharpe 0.92 (disc 0.67 / conf 1.47) · x4.3 · names/cohort 19.7 · invested 64% | clip±40%: CAGR +16.2 DD -38.2
G+H       CAGR  +20.3% (disc  +20.6 / conf  +19.8) · maxDD  -39.7% (disc  -39.7 / conf  -16.8) · Sharpe 1.11 (disc 1.07 / conf 1.21) · x6.7 · names/cohort 9.0 · invested 65% | clip±40%: CAGR +20.6 DD -39.9
B+H       CAGR  +20.0% (disc  +17.4 / conf  +24.8) · maxDD  -50.7% (disc  -50.7 / conf  -37.4) · Sharpe 0.91 (disc 0.80 / conf 1.11) · x6.6 · names/cohort 17.8 · invested 97% | clip±40%: CAGR +21.1 DD -50.7
G+B+H     CAGR  +18.8% (disc  +16.6 / conf  +22.8) · maxDD  -38.0% (disc  -38.0 / conf  -14.3) · Sharpe 1.11 (disc 0.96 / conf 1.45) · x5.9 · names/cohort 19.5 · invested 66% | clip±40%: CAGR +19.7 DD -37.7
BENCH EW  CAGR  +16.3% (disc  +13.9 / conf  +20.7) · maxDD  -54.9% (disc  -54.9 / conf  -24.8) · Sharpe 0.89 (disc 0.76 / conf 1.14)
eras: disc 2016-06-03..2022-12-30 close · conf based at the 2022-12-30 close · research_panel.nav_metrics would give BASELINE conf +25.08 (vs +23.30): its conf base is the first session >= 2022-12-25 (primitive defect, not used)

CALENDAR-YEAR RETURNS (%, prior year-end to year-end)
            2016   2017   2018   2019   2020   2021   2022   2023   2024   2025   2026
BASELINE    -7.9   42.3  -13.1    6.9   94.0   46.8  -14.1   59.8   27.3  -11.5   21.4
G           -7.2   27.5  -11.8    2.4   66.6   31.5  -12.4   44.2   23.3    5.8   11.6
B           -8.3   43.1  -13.6   11.6   62.0   50.1   -6.3   62.7   30.8  -11.9   19.1
H           -0.5  126.0  -14.7  -12.5   93.4   61.0  -29.7   77.3   16.8  -17.7   13.9
G+B         -8.3   29.3  -14.3    2.2   47.8   39.0   -8.0   45.4   25.4    5.0   13.2
G+H          0.2  102.8  -10.6   -7.0   68.0   45.9  -17.4   51.2   13.4   -1.2   15.8
B+H         -0.2   86.6   -8.4  -11.4   47.6   56.5  -17.7   72.4   28.4  -11.9   17.2
G+B+H       -0.3   71.8   -5.9   -8.0   40.8   49.9  -12.4   48.8   19.2    4.2   16.4
BENCH EW     6.7   56.2  -20.8   -4.4   21.4   51.5    1.2   48.1   27.7   -4.4   11.6

VERDICT vs BASELINE (registered: CAGR higher in BOTH eras AND maxDD not worse by >2pp)
  G       no    · disc -6.5pp · conf -1.3pp · maxDD +5.8pp
  B       no    · disc -0.6pp · conf +0.7pp · maxDD -0.1pp
  H       no    · disc +3.8pp · conf -3.9pp · maxDD -11.9pp
  G+B     no    · disc -7.3pp · conf -0.3pp · maxDD +1.9pp
  G+H     no    · disc +2.5pp · conf -3.5pp · maxDD +0.8pp
  B+H     no    · disc -0.7pp · conf +1.5pp · maxDD -10.2pp
  G+B+H   no    · disc -1.5pp · conf -0.5pp · maxDD +2.5pp

EXECUTION / LADDER DIAGNOSTICS
  BASELINE picks 4233 bought 4233 · close-entry at probable UC lock 203 · exit LC-locked 15 · exit in gap 5 (+53.8 sessions avg, sold at next row) · exit after final row 7 · NaN returns in holds 0 · slot end max/min x6.6 · top-3 slots 45% of NAV
  G       picks 3085 bought 3085 · close-entry at probable UC lock 143 · exit LC-locked 9 · exit in gap 5 (+53.8 sessions avg, sold at next row) · exit after final row 6 · NaN returns in holds 0 · slot end max/min x6.2 · top-3 slots 41% of NAV
  B       picks 8711 bought 8711 · close-entry at probable UC lock 243 · exit LC-locked 19 · exit in gap 6 (+45.0 sessions avg, sold at next row) · exit after final row 32 · NaN returns in holds 0 · slot end max/min x6.8 · top-3 slots 42% of NAV
  H       picks 4129 bought 4129 · close-entry at probable UC lock 210 · exit LC-locked 10 · exit in gap 5 (+51.0 sessions avg, sold at next row) · exit after final row 4 · NaN returns in holds 0 · slot end max/min x5.2 · top-3 slots 41% of NAV
  G+B     picks 6378 bought 6378 · close-entry at probable UC lock 178 · exit LC-locked 12 · exit in gap 5 (+53.8 sessions avg, sold at next row) · exit after final row 27 · NaN returns in holds 0 · slot end max/min x9.9 · top-3 slots 49% of NAV
  G+H     picks 2985 bought 2985 · close-entry at probable UC lock 161 · exit LC-locked 6 · exit in gap 4 (+63.5 sessions avg, sold at next row) · exit after final row 4 · NaN returns in holds 0 · slot end max/min x9.4 · top-3 slots 39% of NAV
  B+H     picks 8832 bought 8832 · close-entry at probable UC lock 270 · exit LC-locked 13 · exit in gap 6 (+42.7 sessions avg, sold at next row) · exit after final row 35 · NaN returns in holds 0 · slot end max/min x4.2 · top-3 slots 40% of NAV
  G+B+H   picks 6523 bought 6523 · close-entry at probable UC lock 206 · exit LC-locked 9 · exit in gap 4 (+63.5 sessions avg, sold at next row) · exit after final row 29 · NaN returns in holds 0 · slot end max/min x6.3 · top-3 slots 42% of NAV

DATA GAPS (what is missing from the inputs, with example rows)
  1) non-session dates dropped: 0 (per year ; min repeat share nan; 0 loaded rows)
  2) core-band rows on cohort dates with NULL mcap (outside the H universe; H cannot buy them), and the BASELINE top-3 picks among them:
     ..2018-06         BE/BZ  core rows     134 · NULL mcap     37 ( 27.6%) · BASELINE picks     7, NULL mcap    3
     ..2018-06         EQ     core rows   42296 · NULL mcap   5687 ( 13.4%) · BASELINE picks   699, NULL mcap  132
     2018-07..2022-12  BE/BZ  core rows    1060 · NULL mcap     24 (  2.3%) · BASELINE picks    81, NULL mcap    3
     2018-07..2022-12  EQ     core rows  107022 · NULL mcap    688 (  0.6%) · BASELINE picks  1303, NULL mcap    9
     2023-2024         BE/BZ  core rows    1595 · NULL mcap      0 (  0.0%) · BASELINE picks   201, NULL mcap    0
     2023-2024         EQ     core rows   87166 · NULL mcap     42 (  0.1%) · BASELINE picks  1318, NULL mcap    0
     2025+             BE/BZ  core rows    1095 · NULL mcap     12 (  1.1%) · BASELINE picks    64, NULL mcap    0
     2025+             EQ     core rows   83873 · NULL mcap    136 (  0.2%) · BASELINE picks   560, NULL mcap    0
     e.g. BASELINE pick RAMASTEEL    2018-01-29 series BE ret60 +43% · mcap NULL
     e.g. BASELINE pick RAMASTEEL    2018-02-05 series BE ret60 +27% · mcap NULL
     e.g. BASELINE pick SUPPETRO     2021-06-11 series BE ret60 +75% · mcap NULL
     e.g. BASELINE pick SUPPETRO     2021-06-18 series BE ret60 +75% · mcap NULL
     e.g. BASELINE pick GHCL         2016-06-03 series EQ ret60 +56% · mcap NULL
     e.g. BASELINE pick GHCL         2016-06-10 series EQ ret60 +51% · mcap NULL
  3) exits whose scheduled session has no row for the name (distinct symbol/cohort, headline arms): 8; largest moves after the scheduled exit:
     FORCEMOT     cohort 2023-07-31 · scheduled exit 2023-11-01 · next row 2024-02-14 (+71 sessions) · move +31.9% · arms B,B+H,BASELINE,G,G+B,G+B+H,G+H,H
     FORCEMOT     cohort 2023-08-07 · scheduled exit 2023-11-08 · next row 2024-02-14 (+66 sessions) · move +31.9% · arms B,B+H,BASELINE,G,G+B,G+B+H,G+H,H
     FORCEMOT     cohort 2023-08-14 · scheduled exit 2023-11-16 · next row 2024-02-14 (+61 sessions) · move +31.9% · arms B,B+H,BASELINE,G,G+B,G+B+H,G+H,H
     FORCEMOT     cohort 2023-08-22 · scheduled exit 2023-11-23 · next row 2024-02-14 (+56 sessions) · move +31.9% · arms B,B+H,BASELINE,G,G+B,G+B+H,G+H,H
     IZMO         cohort 2023-05-05 · scheduled exit 2023-08-03 · next row 2023-08-25 (+15 sessions) · move -19.9% · arms B,BASELINE,G,G+B
     JSWENERGY    cohort 2021-12-06 · scheduled exit 2022-03-07 · next row 2022-03-08 (+1 sessions) · move -9.4% · arms B+H
     TTML         cohort 2021-12-06 · scheduled exit 2022-03-07 · next row 2022-03-08 (+1 sessions) · move -8.9% · arms B+H,H
     LOVABLE      cohort 2021-12-06 · scheduled exit 2022-03-07 · next row 2022-03-08 (+1 sessions) · move -1.4% · arms B

SLOT-PHASE SPREAD (weekly grid offset 0..4 sessions, same slots/options; offset 0 = registered)
  BASELINE disc  +16.1/ +18.1/ +20.7 · conf  +23.3/ +26.4/ +29.4 · maxDD  -46.9.. -38.9
  G        disc  +11.6/ +13.2/ +16.2 · conf  +22.0/ +23.3/ +24.9 · maxDD  -43.3.. -34.7 · vs BASE disc -6.5..-3.8 conf -5.3..-1.3 · BEATS at 0/5
  B        disc  +15.2/ +16.7/ +18.3 · conf  +24.0/ +26.7/ +28.8 · maxDD  -46.7.. -36.8 · vs BASE disc -2.4..-0.6 conf -0.9..+1.6 · BEATS at 0/5
  H        disc  +19.3/ +21.2/ +22.6 · conf  +15.6/ +17.7/ +19.4 · maxDD  -52.5.. -50.7 · vs BASE disc +1.9..+5.1 conf -13.0..-3.9 · BEATS at 0/5
  G+B      disc  +10.7/ +11.2/ +13.1 · conf  +22.7/ +23.6/ +24.8 · maxDD  -43.8.. -33.9 · vs BASE disc -7.5..-5.3 conf -5.2..-0.3 · BEATS at 0/5
  G+H      disc  +19.3/ +20.5/ +23.0 · conf  +18.4/ +20.4/ +22.6 · maxDD  -39.7.. -35.9 · vs BASE disc +1.3..+3.6 conf -10.7..-3.5 · BEATS at 0/5
  B+H      disc  +16.2/ +17.8/ +18.6 · conf  +21.8/ +23.4/ +24.8 · maxDD  -51.7.. -49.2 · vs BASE disc -2.2..+2.4 conf -5.7..+1.5 · BEATS at 0/5
  G+B+H    disc  +16.4/ +18.2/ +19.4 · conf  +22.1/ +23.3/ +24.3 · maxDD  -38.0.. -32.0 · vs BASE disc -1.5..+3.0 conf -6.0..-0.5 · BEATS at 0/5
  (min/mean/max CAGR %; margins vs BASELINE at the same offset)

LABEL SENSITIVITY — same factorial with labels=nse4 (README: report with and without analyst analogs)
  BASELINE CAGR  +20.3% (disc  +18.8 / conf  +23.1) · maxDD  -40.7% (disc  -40.7 / conf  -32.9) · Sharpe 0.89 (disc 0.82 / conf 1.01) · Δ vs analogs: disc +0.7 conf -0.2
  G        CAGR  +15.7% (disc  +12.1 / conf  +22.4) · maxDD  -34.7% (disc  -34.7 / conf  -14.4) · Sharpe 0.91 (disc 0.70 / conf 1.37) · Δ vs analogs: disc +0.5 conf +0.4 · no
  B        CAGR  +20.2% (disc  +17.9 / conf  +24.4) · maxDD  -39.8% (disc  -39.8 / conf  -32.5) · Sharpe 0.92 (disc 0.82 / conf 1.08) · Δ vs analogs: disc +0.5 conf +0.3 · no
  H        CAGR  +22.2% (disc  +23.9 / conf  +19.4) · maxDD  -49.0% (disc  -49.0 / conf  -43.9) · Sharpe 0.93 (disc 0.96 / conf 0.88) · Δ vs analogs: disc +2.0 conf -0.0 · no
  G+B      CAGR  +15.2% (disc  +11.0 / conf  +23.1) · maxDD  -38.6% (disc  -38.6 / conf  -14.1) · Sharpe 0.93 (disc 0.68 / conf 1.47) · Δ vs analogs: disc +0.2 conf +0.1 · no
  G+H      CAGR  +21.1% (disc  +21.8 / conf  +19.7) · maxDD  -37.3% (disc  -37.3 / conf  -17.0) · Sharpe 1.13 (disc 1.11 / conf 1.20) · Δ vs analogs: disc +1.3 conf -0.1 · no
  B+H      CAGR  +21.2% (disc  +19.0 / conf  +25.1) · maxDD  -49.6% (disc  -49.6 / conf  -36.5) · Sharpe 0.94 (disc 0.85 / conf 1.12) · Δ vs analogs: disc +1.6 conf +0.3 · no
  G+B+H    CAGR  +20.0% (disc  +18.6 / conf  +22.4) · maxDD  -36.5% (disc  -36.5 / conf  -14.4) · Sharpe 1.15 (disc 1.03 / conf 1.43) · Δ vs analogs: disc +2.0 conf -0.4 · no

MCAP-SOURCE SENSITIVITY (H lever). mcap_pit has 0 pnl_implied rows before 2018-04; earlier sized rows use present-day shares x adjusted close (not PIT)
  broad (mcap>=50cr) heat-universe rows on cohort dates, % by mcap_source (NULL-mcap core rows: DATA GAPS 2):
    ..2018-06         pnl_implied 3.3 · screener_backcast 53.2 · screener_backfill 43.5
    2018-07..2022-12  pnl_implied 73.7 · screener_backcast 1.7 · screener_backfill 24.6
    2023+             pnl_implied 75.8 · screener_backcast 1.2 · screener_backfill 23.1
  H top-3 picks, % by mcap_source:
    ..2018-06         pnl_implied 4.8 · screener_backcast 73.6 · screener_backfill 21.5
    2018-07..2022-12  pnl_implied 93.5 · screener_backcast 1.1 · screener_backfill 5.4
    2023+             pnl_implied 94.5 · screener_backcast 2.5 · screener_backfill 3.0
  every arm below is a FRESH run on cohorts from 2018-07-02 (equal slots, no pre-window picks; not the headline NAVs), measured from 2018-10-08 (one slot cycle later) · disc-pit 2018-10-08..2022-12-30 close · conf 2023+ · maxDD/Sharpe from 2018-10-08 · [pnl] = heat universe restricted to pnl_implied rows · rule as registered, on this window
  BASELINE      disc-pit  +25.0 · conf  +22.7 · maxDD  -35.3 · Sharpe 1.00
  H             disc-pit  +16.4 · conf  +19.4 · maxDD  -44.3 · Sharpe 0.79 · vs BASE disc-pit -8.6 conf -3.3 maxDD -9.0 · no · ungated picks 3225
  H[pnl]        disc-pit  +18.4 · conf  +22.2 · maxDD  -48.0 · Sharpe 0.87 · vs BASE disc-pit -6.7 conf -0.5 maxDD -12.8 · no · ungated picks 3314 (69% also all-source picks)
  G+H           disc-pit  +17.7 · conf  +19.1 · maxDD  -29.6 · Sharpe 1.07 · vs BASE disc-pit -7.3 conf -3.6 maxDD +5.7 · no · ungated picks 3225
  G+H[pnl]      disc-pit  +18.5 · conf  +23.2 · maxDD  -28.8 · Sharpe 1.19 · vs BASE disc-pit -6.5 conf +0.5 maxDD +6.5 · no · ungated picks 3314 (69% also all-source picks)
  B+H           disc-pit  +12.7 · conf  +24.7 · maxDD  -45.9 · Sharpe 0.83 · vs BASE disc-pit -12.3 conf +2.0 maxDD -10.6 · no · ungated picks 7194
  B+H[pnl]      disc-pit  +17.8 · conf  +23.8 · maxDD  -50.9 · Sharpe 0.91 · vs BASE disc-pit -7.2 conf +1.1 maxDD -15.6 · no · ungated picks 7037 (73% also all-source picks)
  G+B+H         disc-pit  +13.5 · conf  +23.1 · maxDD  -30.9 · Sharpe 1.10 · vs BASE disc-pit -11.5 conf +0.4 maxDD +4.4 · no · ungated picks 7194
  G+B+H[pnl]    disc-pit  +18.2 · conf  +23.1 · maxDD  -30.8 · Sharpe 1.23 · vs BASE disc-pit -6.9 conf +0.4 maxDD +4.5 · no · ungated picks 7037 (73% also all-source picks)
  (all-source H on this window = same construction mix in both eras; [pnl] also drops every symbol that
   has no quarterly filings (screener_backfill-only), and still carries the upstream split lag. The
   pre-2018-07 H stretch cannot be tested point-in-time.)

wrote /Users/abhinavs./Documents/Zoom/logs/leader_sleeve/portfolio_7x_nav_v2_h63.parquet (+manifest)

PORTFOLIO 7X COMPLETE
